../Core/Src/NRF24L01.c:35:6:CS_Select	0	static
../Core/Src/NRF24L01.c:40:6:CS_UnSelect	0	static
../Core/Src/NRF24L01.c:46:6:CE_Enable	0	static
../Core/Src/NRF24L01.c:51:6:CE_Disable	0	static
../Core/Src/NRF24L01.c:59:6:nrf24_WriteReg	16	static
../Core/Src/NRF24L01.c:75:6:nrf24_WriteRegMulti	24	static
../Core/Src/NRF24L01.c:135:6:nrf24_reset.part.0	40	static
../Core/Src/NRF24L01.c:92:9:nrf24_ReadReg	24	static
../Core/Src/NRF24L01.c:110:6:nrf24_ReadReg_Multi	24	static
../Core/Src/NRF24L01.c:124:6:nrfsendCmd	16	static
../Core/Src/NRF24L01.c:135:6:nrf24_reset	0	static
../Core/Src/NRF24L01.c:183:6:NRF24_Init	8	static
../Core/Src/NRF24L01.c:214:6:NRF24_TxMode	24	static
../Core/Src/NRF24L01.c:254:9:NRF24_Transmit	24	static
../Core/Src/NRF24L01.c:292:6:NRF24_RxMode	16	static
../Core/Src/NRF24L01.c:332:9:isDataAvailable	8	static
../Core/Src/NRF24L01.c:348:6:NRF24_Receive	24	static
../Core/Src/NRF24L01.c:374:6:NRF24_ReadAll	16	static
